Nonlinear solve did not converge due to DIVERGED_LINE_SEARCH iterations 1
Number of SNES iterations = 1
